(httperrors.HTTPError) HTTPError 400 (generic): Bad Request
